[prinvesment.com/index.html]
[backblue.gif]
[fade.gif]
[index.html]
[prinvesment.com/wp-json/oembed/1.0/embed7465.html]
[prinvesment.com/feed/index.html]
[prinvesment.com/comments/feed/index.html]
[prinvesment.com/wp-json/oembed/1.0/embed2097.html]
[prinvesment.com/wp-content/themes/hello-elementor/assets/css/reset4c8b.css]
[prinvesment.com/wp-content/themes/hello-elementor/assets/css/theme4c8b.css]
[prinvesment.com/wp-content/themes/hello-elementor/assets/css/header-footer4c8b.css]
[prinvesment.com/wp-content/plugins/elementor/assets/css/frontend.min4d65.css]
[prinvesment.com/wp-content/uploads/elementor/google-fonts/css/roboto90b6.css]
[prinvesment.com/wp-content/uploads/elementor/google-fonts/css/robotoslabb12d.css]
[prinvesment.com/wp-includes/js/jquery/jquery.minf43b.js]
[prinvesment.com/wp-includes/js/jquery/jquery-migrate.min5589.js]
[prinvesment.com/wp-json/wp/v2/pages/4640.html]
[prinvesment.com/wp-json/index.html]
[prinvesment.com/xmlrpc0db0.html]
[prinvesment.com/wp-content/uploads/2025/09/cropped-GOV.UK-2012-stacked-32x32.jpg]
[prinvesment.com/wp-content/uploads/2025/09/cropped-GOV.UK-2012-stacked-192x192.jpg]
[prinvesment.com/wp-content/uploads/2025/09/cropped-GOV.UK-2012-stacked-180x180.jpg]
[prinvesment.com/wp-content/uploads/2025/08/1350-x-100-px.svg]
[prinvesment.com/wp-content/uploads/2025/09/2.svg]
[prinvesment.com/wp-content/uploads/2025/09/1.png]
[prinvesment.com/dashboard/index.html]
[prinvesment.com/wp-content/uploads/2025/09/2.png]
[prinvesment.com/free-signal/index.html]
[prinvesment.com/wp-content/uploads/2025/09/4.png]
[prinvesment.com/wp-content/uploads/2025/09/5.png]
[prinvesment.com/why-choose-us/index.html]
[prinvesment.com/wp-content/uploads/2025/09/6.png]
[prinvesment.com/about-us/index.html]
[prinvesment.com/our-team/index.html]
[prinvesment.com/fca-licensing/index.html]
[prinvesment.com/gov-licensing/index.html]
[assets.coingecko.com/coins/images/825/small/binance-coin-logo.png]
[prinvesment.com/market-fundamentals/index.html]
[prinvesment.com/forex-market/index.html]
[prinvesment.com/crypto-market/index.html]
[prinvesment.com/technical-analysis/index.html]
[paulriceinvestment.com/wp-content/uploads/2025/11/SA.png]
[prinvesment.com/academi/index.html]
[prinvesment.com/demo-trading/index.html]
[prinvesment.com/live-charts/index.html]
[prinvesment.com/faq/index.html]
[prinvesment.com/apply-as-trader/index.html]
[paulriceinvestment.com/wp-content/uploads/2025/11/dice3.png]
[paulriceinvestment.com/wp-content/uploads/2025/11/role-playing.png]
[paulriceinvestment.com/wp-content/uploads/2025/11/d20.png]
[prinvesment.com/wp-content/uploads/2025/11/raw.0acff7b3.svg]
[prinvesment.com/wp-content/uploads/2025/09/9.png]
[prinvesment.com/wp-content/uploads/2025/09/10.png]
[prinvesment.com/wp-content/uploads/2025/09/11.png]
[prinvesment.com/wp-content/uploads/2025/09/13.png]
[prinvesment.com/wp-content/uploads/2025/09/17.png]
[prinvesment.com/wp-content/uploads/2025/09/18.png]
[unpkg.com/three-globe@2.45.2/example/img/earth-night.jpg]
[prinvesment.com/wp-content/themes/hello-elementor/assets/js/hello-frontend4c8b.js]
[prinvesment.com/wp-content/plugins/elementor/assets/js/webpack.runtime.min4d65.js]
[prinvesment.com/wp-content/plugins/elementor/assets/js/frontend-modules.min4d65.js]
[prinvesment.com/wp-includes/js/jquery/ui/core.minb37e.js]
[prinvesment.com/wp-content/plugins/elementor/assets/js/frontend.min4d65.js]
[prinvesment.com/wp-content/plugins/elementor-pro/assets/js/webpack-pro.runtime.min4bf6.js]
[prinvesment.com/wp-includes/js/dist/hooks.minaf5f.js]
[prinvesment.com/wp-includes/js/dist/i18n.min1cde.js]
[prinvesment.com/wp-content/plugins/elementor-pro/assets/js/frontend.min4bf6.js]
[prinvesment.com/index.html]
[prinvesment.com/feed/index.html]
[prinvesment.com/comments/feed/index.html]
[prinvesment.com/wp-json/oembed/1.0/embed7465.html]
[prinvesment.com/wp-json/oembed/1.0/embed2097.html]
[prinvesment.com/wp-content/themes/hello-elementor/assets/css/reset4c8b.css]
[prinvesment.com/wp-content/themes/hello-elementor/assets/css/theme4c8b.css]
[prinvesment.com/wp-content/themes/hello-elementor/assets/css/header-footer4c8b.css]
[prinvesment.com/wp-content/plugins/elementor/assets/css/frontend.min4d65.css]
[prinvesment.com/wp-content/plugins/elementor-pro/assets/js/elements-handlers.min4bf6.js]
[prinvesment.com/wp-content/uploads/elementor/google-fonts/fonts/roboto-aa47213c.woff2]
[prinvesment.com/wp-content/uploads/elementor/google-fonts/fonts/roboto-60dc2a88.woff2]
[prinvesment.com/wp-content/uploads/elementor/google-fonts/fonts/roboto-88769a1e.woff2]
[prinvesment.com/wp-content/uploads/elementor/google-fonts/fonts/roboto-0585f5a7.woff2]
[prinvesment.com/wp-content/uploads/elementor/google-fonts/fonts/roboto-244686ad.woff2]
[prinvesment.com/wp-content/uploads/elementor/google-fonts/fonts/roboto-58e5057a.woff2]
[prinvesment.com/wp-content/uploads/elementor/google-fonts/fonts/roboto-c012394d.woff2]
[prinvesment.com/wp-content/uploads/elementor/google-fonts/fonts/roboto-b8c55b0e.woff2]
[prinvesment.com/wp-content/uploads/elementor/google-fonts/fonts/roboto-6fa0783f.woff2]
[prinvesment.com/wp-content/uploads/elementor/google-fonts/fonts/roboto-1dba1bc2.woff2]
[prinvesment.com/wp-content/uploads/elementor/google-fonts/fonts/roboto-c4482425.woff2]
[prinvesment.com/wp-content/uploads/elementor/google-fonts/fonts/roboto-a1dc56af.woff2]
[prinvesment.com/wp-content/uploads/elementor/google-fonts/fonts/roboto-20c48c4e.woff2]
[prinvesment.com/wp-content/uploads/elementor/google-fonts/fonts/roboto-3603e9b2.woff2]
[prinvesment.com/wp-content/uploads/elementor/google-fonts/fonts/roboto-31b09f96.woff2]
[prinvesment.com/wp-content/uploads/elementor/google-fonts/fonts/roboto-bf5e5259.woff2]
[prinvesment.com/wp-content/uploads/elementor/google-fonts/fonts/roboto-41d25e69.woff2]
[prinvesment.com/wp-content/uploads/elementor/google-fonts/fonts/roboto-fb5169d9.woff2]
[prinvesment.com/wp-content/uploads/elementor/google-fonts/css/roboto90b6.css]
[prinvesment.com/wp-content/uploads/elementor/google-fonts/fonts/robotoslab-56de4385.woff2]
[prinvesment.com/wp-content/uploads/elementor/google-fonts/fonts/robotoslab-fa7c06b8.woff2]
[prinvesment.com/wp-content/uploads/elementor/google-fonts/fonts/robotoslab-ca82665f.woff2]
[prinvesment.com/wp-content/uploads/elementor/google-fonts/fonts/robotoslab-cb40bc4b.woff2]
[prinvesment.com/wp-content/uploads/elementor/google-fonts/fonts/robotoslab-429238b9.woff2]
[prinvesment.com/wp-content/uploads/elementor/google-fonts/fonts/robotoslab-ef584ac5.woff2]
[prinvesment.com/wp-content/uploads/elementor/google-fonts/fonts/robotoslab-c5e794db.woff2]
[prinvesment.com/wp-content/uploads/elementor/google-fonts/css/robotoslabb12d.css]
[prinvesment.com/wp-json/index.html]
[prinvesment.com/wp-json/wp/v2/pages/4640.html]
[prinvesment.com/xmlrpc0db0.html]
[prinvesment.com/wp-content/uploads/2025/08/1350-x-100-px.svg]
[prinvesment.com/wp-json/oembed/1.0/embed5ad6.html]
[prinvesment.com/wp-json/oembed/1.0/embed12e1.html]
[prinvesment.com/wp-json/wp/v2/pages/4652.html]
[prinvesment.com/index2920.html]
[cdn.jsdelivr.net/npm/@walletconnect/web3-provider@1.8.0/dist/umd/index.min.js]
[prinvesment.com/dashboard/index.html]
[cdn.jsdelivr.net/npm/web3modal@1.9.5/dist/index.js]
[prinvesment.com/wp-json/oembed/1.0/embed0909.html]
[prinvesment.com/wp-json/oembed/1.0/embed308e.html]
[prinvesment.com/free-signal/index.html]
[prinvesment.com/wp-json/wp/v2/pages/4701.html]
[prinvesment.com/indexc9d5.html]
[prinvesment.com/wp-json/oembed/1.0/embedc71a.html]
[prinvesment.com/wp-json/oembed/1.0/embedf62e.html]
[prinvesment.com/wp-json/wp/v2/pages/4745.html]
[prinvesment.com/_sdk/element_sdk.html]
[prinvesment.com/indexec1e.html]
[paulriceinvestment.com/wp-content/uploads/2025/11/Gray-Technical-Real-Estate-Company-Instagram-Post-1.png]
[prinvesment.com/_sdk/data_sdk.html]
[prinvesment.com/why-choose-us/index.html]
[prinvesment.com/cdn-cgi/challenge-platform/h/g/scripts/jsd/825e783f7fae/maind41d.js]
[prinvesment.com/my-trader/index.html]
[prinvesment.com/wp-json/oembed/1.0/embed4a96.html]
[prinvesment.com/wp-json/oembed/1.0/embeddc54.html]
[prinvesment.com/wp-json/wp/v2/pages/4646.html]
[paulriceinvestment.com/wp-content/uploads/2025/11/3-1.png]
[prinvesment.com/index8b0f.html]
[paulriceinvestment.com/wp-content/uploads/2025/11/4.png]
[paulriceinvestment.com/wp-content/uploads/2025/11/2-1.png]
[prinvesment.com/about-us/index.html]
[prinvesment.com/wp-json/oembed/1.0/embed45ce.html]
[prinvesment.com/wp-json/oembed/1.0/embedb693.html]
[prinvesment.com/wp-json/wp/v2/pages/4786.html]
[prinvesment.com/index4cc5.html]
[iili.io/K7KOahN.md.jpg]
[iili.io/K7KOcQI.md.jpg]
[iili.io/K7KO1EX.md.jpg]
[iili.io/K7KO0Bt.md.jpg]
[iili.io/K7KOE4n.md.jpg]
[iili.io/K7KOM2s.md.jpg]
[iili.io/K7KOVYG.md.jpg]
[iili.io/K7KOWvf.md.jpg]
[iili.io/K7KOXp4.md.jpg]
[iili.io/K7KOjTl.md.jpg]
[iili.io/K72qTrP.png]
[iili.io/K72qzBV.png]
[iili.io/K72qIEB.png]
[iili.io/K72qoLQ.png]
[iili.io/K72f0g9.png]
[iili.io/K72fEJe.png]
[iili.io/K72fYs2.png]
[iili.io/K72f7Wl.png]
[iili.io/K72fG5u.png]
[iili.io/K72fXzx.png]
[iili.io/K72feg1.png]
[iili.io/K72fvdF.png]
[iili.io/K72fUmJ.png]
[iili.io/K72f4XR.png]
[iili.io/K72q2r7.png]
[iili.io/K72qF29.png]
[iili.io/K72qK7e.png]
[iili.io/K72qfku.png]
[iili.io/K72qCIj.png]
[iili.io/K72qnhx.png]
[iili.io/K72fDes.png]
[iili.io/K72fpIf.png]
[prinvesment.com/our-team/index.html]
[prinvesment.com/our-team/${img}.html]
[prinvesment.com/wp-json/oembed/1.0/embeda1b3.html]
[prinvesment.com/wp-json/oembed/1.0/embed9583.html]
[prinvesment.com/wp-json/wp/v2/pages/4655.html]
[prinvesment.com/index16a4.html]
[paulriceinvestment.com/wp-content/uploads/2025/11/Blue-White-Traditional-Independence-Day-Instagram-Post.png]
[paulriceinvestment.com/wp-content/uploads/2025/11/fcapr.png]
[prinvesment.com/fca-licensing/index.html]
[prinvesment.com/wp-json/oembed/1.0/embed37e5.html]
[prinvesment.com/wp-json/oembed/1.0/embed3a75.html]
[prinvesment.com/wp-json/wp/v2/pages/4697.html]
[paulriceinvestment.com/wp-content/uploads/2025/11/15-Feb-2013-000.png]
[prinvesment.com/index8615.html]
[paulriceinvestment.com/wp-content/uploads/2025/11/Orange-and-White-Modern-Study-In-London-Instagram-Post-1.png]
[paulriceinvestment.com/wp-content/uploads/2025/11/Orange-and-White-Modern-Study-In-London-Instagram-Post.png]
[prinvesment.com/gov-licensing/index.html]
[prinvesment.com/wp-json/oembed/1.0/embede046.html]
[prinvesment.com/wp-json/oembed/1.0/embed3f5a.html]
[prinvesment.com/wp-json/wp/v2/pages/4729.html]
[paulriceinvestment.com/wp-content/uploads/2025/11/1.png]
[prinvesment.com/indexc367.html]
[paulriceinvestment.com/wp-content/uploads/2025/11/2.png]
[paulriceinvestment.com/wp-content/uploads/2025/11/3.png]
[prinvesment.com/market-fundamentals/index.html]
[prinvesment.com/wp-json/oembed/1.0/embed5635.html]
[prinvesment.com/wp-json/oembed/1.0/embed56d0.html]
[prinvesment.com/wp-json/wp/v2/pages/4698.html]
[paulriceinvestment.com/wp-content/uploads/2025/11/Green-Modern-Trading-Smart-Online-Course-Instagram-Post.png]
[prinvesment.com/forex-market/index.html]
[prinvesment.com/indexe285.html]
[prinvesment.com/wp-json/oembed/1.0/embed4db7.html]
[prinvesment.com/wp-json/oembed/1.0/embeddfaf.html]
[prinvesment.com/wp-json/wp/v2/pages/4654.html]
[prinvesment.com/indexfa87.html]
[paulriceinvestment.com/wp-content/uploads/2025/11/Black-and-Blue-Futuristic-Modern-Technology-Pitch-Deck-Presentation.png]
[paulriceinvestment.com/wp-content/uploads/2025/11/Black-Modern-Cryptocurrency-Presentation-2.png]
[paulriceinvestment.com/wp-content/uploads/2025/11/Black-Modern-Cryptocurrency-Presentation-3.png]
[prinvesment.com/crypto-market/index.html]
[prinvesment.com/wp-json/oembed/1.0/embed510c.html]
[prinvesment.com/wp-json/oembed/1.0/embed20b1.html]
[prinvesment.com/live-charts/index.html]
[prinvesment.com/wp-json/wp/v2/pages/4699.html]
[prinvesment.com/indexab75.html]
[prinvesment.com/wp-json/oembed/1.0/embed5eb7.html]
[prinvesment.com/wp-json/oembed/1.0/embed75b3.html]
[prinvesment.com/wp-json/wp/v2/pages/4730.html]
[paulriceinvestment.com/wp-content/uploads/2025/11/Dark-Blue-Simple-Dark-Tech-and-Gaming-Bio-Link-Website.png]
[prinvesment.com/index8c6d.html]
[paulriceinvestment.com/wp-content/uploads/2025/11/fr4.png]
[prinvesment.com/technical-analysis/index.html]
[prinvesment.com/wp-json/oembed/1.0/embed4a41.html]
[prinvesment.com/academi/index.html]
[prinvesment.com/wp-json/oembed/1.0/embed8222.html]
[prinvesment.com/wp-json/wp/v2/pages/4653.html]
[prinvesment.com/index2855.html]
[prinvesment.com/wp-json/oembed/1.0/embed4202.html]
[prinvesment.com/wp-json/oembed/1.0/embed9729.html]
[prinvesment.com/demo-trading/index.html]
[prinvesment.com/wp-json/wp/v2/pages/4702.html]
[prinvesment.com/wp-json/oembed/1.0/embedfd18.html]
[prinvesment.com/index71d0.html]
[prinvesment.com/faq/index.html]
[prinvesment.com/wp-json/oembed/1.0/embed3c53.html]
[prinvesment.com/wp-json/wp/v2/pages/4700.html]
[prinvesment.com/index1281.html]
[prinvesment.com/wp-json/oembed/1.0/embedca0c.html]
[prinvesment.com/wp-json/oembed/1.0/embedd60c.html]
[prinvesment.com/apply-as-trader/index.html]
[prinvesment.com/wp-content/uploads/2025/09/2.svg]
[prinvesment.com/wp-content/uploads/2025/11/raw.0acff7b3.svg]
[prinvesment.com/wp-json/oembed/1.0/embed5ad6.html]
[prinvesment.com/wp-json/oembed/1.0/embed12e1.html]
[prinvesment.com/wp-json/wp/v2/pages/4652.html]
[prinvesment.com/index2920.html]
[prinvesment.com/wp-json/oembed/1.0/embed0909.html]
[prinvesment.com/wp-json/oembed/1.0/embed308e.html]
[prinvesment.com/wp-json/wp/v2/pages/4701.html]
[prinvesment.com/indexc9d5.html]
[prinvesment.com/wp-json/oembed/1.0/embedc71a.html]
[prinvesment.com/wp-json/oembed/1.0/embedf62e.html]
[prinvesment.com/wp-json/wp/v2/pages/4745.html]
[prinvesment.com/wp-json/wp/v2/pages/4651.html]
[prinvesment.com/indexec1e.html]
[prinvesment.com/_sdk/element_sdk.html]
[prinvesment.com/_sdk/data_sdk.html]
[prinvesment.com/my-trader/index.html]
[prinvesment.com/wp-json/oembed/1.0/embed4a96.html]
[prinvesment.com/wp-json/oembed/1.0/embeddc54.html]
[prinvesment.com/wp-json/wp/v2/pages/4646.html]
[prinvesment.com/index8b0f.html]
[prinvesment.com/wp-json/oembed/1.0/embed45ce.html]
[prinvesment.com/wp-json/oembed/1.0/embedb693.html]
[prinvesment.com/wp-json/wp/v2/pages/4786.html]
[prinvesment.com/index4cc5.html]
[prinvesment.com/our-team/${img}.html]
[prinvesment.com/wp-json/oembed/1.0/embeda1b3.html]
[prinvesment.com/wp-json/oembed/1.0/embed9583.html]
[prinvesment.com/wp-json/wp/v2/pages/4655.html]
[prinvesment.com/index16a4.html]
[prinvesment.com/wp-json/oembed/1.0/embed37e5.html]
[prinvesment.com/wp-json/oembed/1.0/embed3a75.html]
[prinvesment.com/wp-json/wp/v2/pages/4697.html]
[prinvesment.com/index8615.html]
[prinvesment.com/wp-json/oembed/1.0/embede046.html]
[prinvesment.com/wp-json/oembed/1.0/embed3f5a.html]
[prinvesment.com/wp-json/wp/v2/pages/4729.html]
[prinvesment.com/indexc367.html]
[prinvesment.com/wp-json/oembed/1.0/embed5635.html]
[prinvesment.com/wp-json/oembed/1.0/embed56d0.html]
[prinvesment.com/wp-json/wp/v2/pages/4698.html]
[prinvesment.com/indexe285.html]
[prinvesment.com/wp-json/oembed/1.0/embed4db7.html]
[prinvesment.com/wp-json/oembed/1.0/embeddfaf.html]
[prinvesment.com/wp-json/wp/v2/pages/4654.html]
[prinvesment.com/indexfa87.html]
[prinvesment.com/wp-json/oembed/1.0/embed510c.html]
[prinvesment.com/index2308.html]
[prinvesment.com/wp-json/oembed/1.0/embed20b1.html]
[prinvesment.com/wp-json/wp/v2/pages/4699.html]
[prinvesment.com/indexab75.html]
[prinvesment.com/wp-json/oembed/1.0/embed5eb7.html]
[prinvesment.com/wp-json/oembed/1.0/embed75b3.html]
[prinvesment.com/wp-json/wp/v2/pages/4730.html]
[prinvesment.com/index8c6d.html]
[prinvesment.com/wp-json/oembed/1.0/embed4a41.html]
[prinvesment.com/wp-json/oembed/1.0/embed8222.html]
[prinvesment.com/wp-json/wp/v2/pages/4653.html]
[prinvesment.com/index2855.html]
[prinvesment.com/wp-json/oembed/1.0/embed4202.html]
[prinvesment.com/wp-json/oembed/1.0/embed9729.html]
[prinvesment.com/wp-json/wp/v2/pages/4702.html]
[prinvesment.com/index71d0.html]
[prinvesment.com/wp-json/oembed/1.0/embedfd18.html]
[prinvesment.com/wp-json/oembed/1.0/embed3c53.html]
[prinvesment.com/wp-json/wp/v2/pages/4700.html]
[prinvesment.com/index1281.html]
[prinvesment.com/wp-json/oembed/1.0/embedca0c.html]
[prinvesment.com/wp-json/oembed/1.0/embedd60c.html]
[prinvesment.com/wp-json/wp/v2/pages/4651.html]
[prinvesment.com/index2308.html]
